Parsed test spec with 3 sessions

starting permutation: n1sync n1s1 n1sync n3read n2s1 n2sync n3read n1s2 n2s2 n1s3 n2s3 n1s4 n2s4 n1sync n2sync n1read n2read n3read
step n1sync: SELECT bdr.wait_slot_confirm_lsn(NULL,NULL);
pg_xlog_wait_remote_apply

               
               
               
               
               
               
step n1s1: UPDATE tst SET a = 2;
step n1sync: SELECT bdr.wait_slot_confirm_lsn(NULL,NULL);
pg_xlog_wait_remote_apply

               
               
               
               
               
               
step n3read: SELECT * FROM tst;
a              b              

2              one            
step n2s1: UPDATE tst SET a = 3;
step n2sync: SELECT bdr.wait_slot_confirm_lsn(NULL,NULL);
pg_xlog_wait_remote_apply

               
               
               
               
               
               
step n3read: SELECT * FROM tst;
a              b              

3              one            
step n1s2: BEGIN;
step n2s2: BEGIN;
step n1s3: UPDATE tst SET a = 4;
step n2s3: UPDATE tst SET a = 5;
step n1s4: COMMIT;
step n2s4: COMMIT;
step n1sync: SELECT bdr.wait_slot_confirm_lsn(NULL,NULL);
pg_xlog_wait_remote_apply

               
               
               
               
               
               
step n2sync: SELECT bdr.wait_slot_confirm_lsn(NULL,NULL);
pg_xlog_wait_remote_apply

               
               
               
               
               
               
step n1read: SELECT * FROM tst;
a              b              

5              one            
step n2read: SELECT * FROM tst;
a              b              

5              one            
step n3read: SELECT * FROM tst;
a              b              

5              one            
